// Jest Snapshot v1, https://goo.gl/fbAQLP

exports[`Pruebas en el <Search/> debe de mostrarse correctamente con valores por defecto 1`] = `
<div>
  <h1>
    Search
  </h1>
  <hr />
  <div
    class="row"
  >
    <div
      class="col-5"
    >
      <h4>
        Searching
        <hr />
        <form
          aria-label="form"
        >
          <input
            autocomplete="off"
            class="form-control"
            name="searchText"
            placeholder="Search a Hero"
            type="text"
            value=""
          />
          <button
            class="btn btn-outline-primary mt-1"
          >
            Search
          </button>
        </form>
      </h4>
    </div>
    <div
      class="col-7"
    >
      <h4>
        Restuls
      </h4>
      <hr />
      <div
        aria-label="SearchDiv"
        class="alert alert-primary animate__animated animate__fadeIn"
      >
        Search a hero
      </div>
      <div
        aria-label="UnfoundDiv"
        class="alert alert-danger animate__animated animate__fadeIn"
        style="display: none;"
      >
        No hero with 
        <b />
      </div>
    </div>
  </div>
</div>
`;
